# Bake Begins!
### (1 of 6) Copy sources
$ cp -a /home/travis/build/fontdirectory/opensanscondensed/METADATA.json /home/travis/build/fontdirectory/opensanscondensed/builds/build
$ cp -a /home/travis/build/fontdirectory/opensanscondensed/DESCRIPTION.en_us.html /home/travis/build/fontdirectory/opensanscondensed/builds/build
$ cp -a OpenSans-CondBold.ttf.ttx OpenSans-CondLightItalic.ttf.ttx OpenSans-CondLight.ttf.ttx src/OpenSans-CondLighttalic.ttf.ttx src/OpenSans-CondLight.ttf.ttx OpenSans-CondBold.ttf._c_m_a_p.ttx OpenSans-CondBold.ttf._h_h_e_a.ttx OpenSans-CondBold.ttf.GlyphOrder.ttx OpenSans-CondBold.ttf.G_P_O_S_.ttx OpenSans-CondBold.ttf._k_e_r_n.ttx OpenSans-CondBold.ttf.G_S_U_B_.ttx OpenSans-CondBold.ttf._n_a_m_e.ttx OpenSans-CondBold.ttf._p_r_e_p.ttx OpenSans-CondBold.ttf._h_e_a_d.ttx OpenSans-CondBold.ttf._m_a_x_p.ttx OpenSans-CondBold.ttf.O_S_2f_2.ttx OpenSans-CondBold.ttf._h_m_t_x.ttx OpenSans-CondBold.ttf._l_o_c_a.ttx OpenSans-CondBold.ttf._g_a_s_p.ttx OpenSans-CondBold.ttf._g_l_y_f.ttx OpenSans-CondBold.ttf._p_o_s_t.ttx OpenSans-CondBold.ttf._c_v_t.ttx OpenSans-CondBold.ttf._f_p_g_m.ttx OpenSans-CondLightItalic.ttf._c_v_t.ttx OpenSans-CondLightItalic.ttf._m_a_x_p.ttx OpenSans-CondLightItalic.ttf._l_o_c_a.ttx OpenSans-CondLightItalic.ttf._p_o_s_t.ttx OpenSans-CondLightItalic.ttf.G_S_U_B_.ttx OpenSans-CondLightItalic.ttf.G_P_O_S_.ttx OpenSans-CondLightItalic.ttf._n_a_m_e.ttx OpenSans-CondLightItalic.ttf.G_D_E_F_.ttx OpenSans-CondLightItalic.ttf.O_S_2f_2.ttx OpenSans-CondLightItalic.ttf._g_l_y_f.ttx OpenSans-CondLightItalic.ttf._c_m_a_p.ttx OpenSans-CondLightItalic.ttf._f_p_g_m.ttx OpenSans-CondLightItalic.ttf._g_a_s_p.ttx OpenSans-CondLightItalic.ttf._h_h_e_a.ttx OpenSans-CondLightItalic.ttf._p_r_e_p.ttx OpenSans-CondLightItalic.ttf._k_e_r_n.ttx OpenSans-CondLightItalic.ttf._h_e_a_d.ttx OpenSans-CondLightItalic.ttf.GlyphOrder.ttx OpenSans-CondLightItalic.ttf.D_S_I_G_.ttx OpenSans-CondLightItalic.ttf._h_m_t_x.ttx OpenSans-CondLight.ttf.G_D_E_F_.ttx OpenSans-CondLight.ttf.D_S_I_G_.ttx OpenSans-CondLight.ttf._g_a_s_p.ttx OpenSans-CondLight.ttf._m_a_x_p.ttx OpenSans-CondLight.ttf._l_o_c_a.ttx OpenSans-CondLight.ttf._h_e_a_d.ttx OpenSans-CondLight.ttf._c_v_t.ttx OpenSans-CondLight.ttf.G_S_U_B_.ttx OpenSans-CondLight.ttf._p_o_s_t.ttx OpenSans-CondLight.ttf._h_m_t_x.ttx OpenSans-CondLight.ttf._n_a_m_e.ttx OpenSans-CondLight.ttf._k_e_r_n.ttx OpenSans-CondLight.ttf._f_p_g_m.ttx OpenSans-CondLight.ttf.O_S_2f_2.ttx OpenSans-CondLight.ttf._c_m_a_p.ttx OpenSans-CondLight.ttf._h_h_e_a.ttx OpenSans-CondLight.ttf.GlyphOrder.ttx OpenSans-CondLight.ttf.G_P_O_S_.ttx OpenSans-CondLight.ttf._p_r_e_p.ttx OpenSans-CondLight.ttf._g_l_y_f.ttx src/OpenSans-CondLighttalic.ttf.GlyphOrder.ttx src/OpenSans-CondLighttalic.ttf._f_p_g_m.ttx src/OpenSans-CondLighttalic.ttf.G_S_U_B_.ttx src/OpenSans-CondLighttalic.ttf.O_S_2f_2.ttx src/OpenSans-CondLighttalic.ttf.D_S_I_G_.ttx src/OpenSans-CondLighttalic.ttf._h_m_t_x.ttx src/OpenSans-CondLighttalic.ttf._h_e_a_d.ttx src/OpenSans-CondLighttalic.ttf._n_a_m_e.ttx src/OpenSans-CondLighttalic.ttf._k_e_r_n.ttx src/OpenSans-CondLighttalic.ttf._p_r_e_p.ttx src/OpenSans-CondLighttalic.ttf._c_v_t.ttx src/OpenSans-CondLighttalic.ttf.G_P_O_S_.ttx src/OpenSans-CondLighttalic.ttf._m_a_x_p.ttx src/OpenSans-CondLighttalic.ttf._g_a_s_p.ttx src/OpenSans-CondLighttalic.ttf._c_m_a_p.ttx src/OpenSans-CondLighttalic.ttf._p_o_s_t.ttx src/OpenSans-CondLighttalic.ttf.G_D_E_F_.ttx src/OpenSans-CondLighttalic.ttf._l_o_c_a.ttx src/OpenSans-CondLighttalic.ttf._h_h_e_a.ttx src/OpenSans-CondLighttalic.ttf._g_l_y_f.ttx src/OpenSans-CondLight.ttf.G_D_E_F_.ttx src/OpenSans-CondLight.ttf.D_S_I_G_.ttx src/OpenSans-CondLight.ttf._g_a_s_p.ttx src/OpenSans-CondLight.ttf._m_a_x_p.ttx src/OpenSans-CondLight.ttf._l_o_c_a.ttx src/OpenSans-CondLight.ttf._h_e_a_d.ttx src/OpenSans-CondLight.ttf._c_v_t.ttx src/OpenSans-CondLight.ttf.G_S_U_B_.ttx src/OpenSans-CondLight.ttf._p_o_s_t.ttx src/OpenSans-CondLight.ttf._h_m_t_x.ttx src/OpenSans-CondLight.ttf._n_a_m_e.ttx src/OpenSans-CondLight.ttf._k_e_r_n.ttx src/OpenSans-CondLight.ttf._f_p_g_m.ttx src/OpenSans-CondLight.ttf.O_S_2f_2.ttx src/OpenSans-CondLight.ttf._c_m_a_p.ttx src/OpenSans-CondLight.ttf._h_h_e_a.ttx src/OpenSans-CondLight.ttf.GlyphOrder.ttx src/OpenSans-CondLight.ttf.G_P_O_S_.ttx src/OpenSans-CondLight.ttf._p_r_e_p.ttx src/OpenSans-CondLight.ttf._g_l_y_f.ttx /home/travis/build/fontdirectory/opensanscondensed/builds/build/sources
### (2 of 6) pyfontaine
### (3 of 6) Run upstream tests
$ fontbakery-check.py upstream-repo sources
$ fontaine --collections subsets --text /home/travis/build/fontdirectory/opensanscondensed/builds/build/sources/OpenSans-CondLighttalic.ttf.ttx /home/travis/build/fontdirectory/opensanscondensed/builds/build/sources/OpenSans-CondBold.ttf.ttx /home/travis/build/fontdirectory/opensanscondensed/builds/build/sources/OpenSans-CondLightItalic.ttf.ttx /home/travis/build/fontdirectory/opensanscondensed/builds/build/sources/OpenSans-CondLight.ttf.ttx > fontaine.txt
bakery_lint.tests.upstream.test_diacritic.TestDiacritic.test_diacritic_made_as_component(): OK
bakery_lint.tests.upstream.test_diacritic.TestDiacritic.test_diacritic_made_as_mark_to_mark(): OK
bakery_lint.tests.upstream.test_diacritic.TestDiacritic.test_diacritic_made_as_own_glyphs(): OK
WARNING: Please install [PyICU](https://pypi.python.org/pypi/PyICU) toenable [feature], perhaps with: pip install pyicu
end of pyfontaine process
bakery_lint.tests.upstream.test_prepolation.FontTestPrepolation.test_font_prepolation_glyph_contours(): OK
bakery_lint.tests.upstream.test_prepolation.FontTestPrepolation.test_font_prepolation_glyph_points(): OK
bakery_lint.tests.upstream.test_prepolation.FontTestPrepolation.test_font_test_prepolation_glyph_names(): OK
bakery_lint.tests.upstream.test_check_upstream_sources.ProjectUpstreamTestCase.test_bakery_yaml_exists(): OK
bakery_lint.tests.upstream.test_check_upstream_sources.ProjectUpstreamTestCase.test_copyright_notices_same_across_family(): OK
bakery_lint.tests.upstream.test_check_upstream_sources.ProjectUpstreamTestCase.test_description_html_exists(): OK
bakery_lint.tests.upstream.test_check_upstream_sources.ProjectUpstreamTestCase.test_fontlog_txt_exists(): FAIL
bakery_lint.tests.upstream.test_check_upstream_sources.ProjectUpstreamTestCase.test_metadata_json_exists(): OK
$ fontbakery-check.py upstream-ttx OpenSans-CondLighttalic.ttf.ttx
bakery_lint.tests.upstream.test_glyphname_does_not_contain_disallowed_chars.TestGlyphNameDoesNotContainsDisallowedChars.test_glyphname_does_not_contain_disallowed_chars(): OK
bakery_lint.tests.upstream.test_font_filename_eq_familystyle.TestTTFSourceFontFileNameEqualsFamilyStyle.test_source_ttf_font_filename_equals_familystyle(): FAIL
$ mv /home/travis/build/fontdirectory/opensanscondensed/builds/build/sources/OpenSans-CondLighttalic.ttf.ttx /home/travis/build/fontdirectory/opensanscondensed/builds/build/sources/OpenSansCondensedLight-Italic.ttx
bakery_lint.tests.upstream.test_font_filename_eq_familystyle.TestTTFSourceFontFileNameEqualsFamilyStyle.test_source_ttf_font_filename_equals_familystyle(): OK
bakery_lint.tests.upstream.test_check_ttx_requirements.SourceTTXTest.test_epar_in_keys(): FAIL
bakery_lint.tests.upstream.test_check_ttx_requirements.SourceTTXTest.test_os2_in_keys(): OK
bakery_lint.tests.upstream.test_check_ttx_requirements.SourceTTXTest.test_ttx_doesnt_contain_duplicate_glyphs(): OK
bakery_lint.tests.upstream.test_check_ttx_fontfamily_recommendations.TTX_FontFamilyNamingTest.test_ttx_family_naming_recommendation(): OK
$ fontbakery-check.py upstream-ttx OpenSans-CondBold.ttf.ttx
bakery_lint.tests.upstream.test_glyphname_does_not_contain_disallowed_chars.TestGlyphNameDoesNotContainsDisallowedChars.test_glyphname_does_not_contain_disallowed_chars(): OK
bakery_lint.tests.upstream.test_font_filename_eq_familystyle.TestTTFSourceFontFileNameEqualsFamilyStyle.test_source_ttf_font_filename_equals_familystyle(): FAIL
$ mv /home/travis/build/fontdirectory/opensanscondensed/builds/build/sources/OpenSans-CondBold.ttf.ttx /home/travis/build/fontdirectory/opensanscondensed/builds/build/sources/OpenSansCondensed-Bold.ttx
bakery_lint.tests.upstream.test_font_filename_eq_familystyle.TestTTFSourceFontFileNameEqualsFamilyStyle.test_source_ttf_font_filename_equals_familystyle(): OK
bakery_lint.tests.upstream.test_check_ttx_requirements.SourceTTXTest.test_epar_in_keys(): FAIL
bakery_lint.tests.upstream.test_check_ttx_requirements.SourceTTXTest.test_os2_in_keys(): OK
bakery_lint.tests.upstream.test_check_ttx_requirements.SourceTTXTest.test_ttx_doesnt_contain_duplicate_glyphs(): OK
bakery_lint.tests.upstream.test_check_ttx_fontfamily_recommendations.TTX_FontFamilyNamingTest.test_ttx_family_naming_recommendation(): FAIL
$ fontbakery-check.py upstream-ttx OpenSans-CondLightItalic.ttf.ttx
bakery_lint.tests.upstream.test_glyphname_does_not_contain_disallowed_chars.TestGlyphNameDoesNotContainsDisallowedChars.test_glyphname_does_not_contain_disallowed_chars(): OK
bakery_lint.tests.upstream.test_font_filename_eq_familystyle.TestTTFSourceFontFileNameEqualsFamilyStyle.test_source_ttf_font_filename_equals_familystyle(): FAIL
$ mv /home/travis/build/fontdirectory/opensanscondensed/builds/build/sources/OpenSans-CondLightItalic.ttf.ttx /home/travis/build/fontdirectory/opensanscondensed/builds/build/sources/OpenSansCondensedLight-Italic.ttx
bakery_lint.tests.upstream.test_font_filename_eq_familystyle.TestTTFSourceFontFileNameEqualsFamilyStyle.test_source_ttf_font_filename_equals_familystyle(): OK
bakery_lint.tests.upstream.test_check_ttx_requirements.SourceTTXTest.test_epar_in_keys(): FAIL
bakery_lint.tests.upstream.test_check_ttx_requirements.SourceTTXTest.test_os2_in_keys(): OK
bakery_lint.tests.upstream.test_check_ttx_requirements.SourceTTXTest.test_ttx_doesnt_contain_duplicate_glyphs(): OK
bakery_lint.tests.upstream.test_check_ttx_fontfamily_recommendations.TTX_FontFamilyNamingTest.test_ttx_family_naming_recommendation(): OK
$ fontbakery-check.py upstream-ttx OpenSans-CondLight.ttf.ttx
bakery_lint.tests.upstream.test_glyphname_does_not_contain_disallowed_chars.TestGlyphNameDoesNotContainsDisallowedChars.test_glyphname_does_not_contain_disallowed_chars(): OK
bakery_lint.tests.upstream.test_font_filename_eq_familystyle.TestTTFSourceFontFileNameEqualsFamilyStyle.test_source_ttf_font_filename_equals_familystyle(): FAIL
$ mv /home/travis/build/fontdirectory/opensanscondensed/builds/build/sources/OpenSans-CondLight.ttf.ttx /home/travis/build/fontdirectory/opensanscondensed/builds/build/sources/OpenSansCondensedLight-Regular.ttx
bakery_lint.tests.upstream.test_font_filename_eq_familystyle.TestTTFSourceFontFileNameEqualsFamilyStyle.test_source_ttf_font_filename_equals_familystyle(): OK
bakery_lint.tests.upstream.test_check_ttx_requirements.SourceTTXTest.test_epar_in_keys(): FAIL
bakery_lint.tests.upstream.test_check_ttx_requirements.SourceTTXTest.test_os2_in_keys(): OK
bakery_lint.tests.upstream.test_check_ttx_requirements.SourceTTXTest.test_ttx_doesnt_contain_duplicate_glyphs(): OK
bakery_lint.tests.upstream.test_check_ttx_fontfamily_recommendations.TTX_FontFamilyNamingTest.test_ttx_family_naming_recommendation(): OK
### (4 of 6) Convert sources to TTF
$ ttx -d /home/travis/build/fontdirectory/opensanscondensed/builds/build /home/travis/build/fontdirectory/opensanscondensed/builds/build/sources/OpenSansCondensedLight-Italic.ttx /home/travis/build/fontdirectory/opensanscondensed/builds/build/sources/OpenSansCondensed-Bold.ttx /home/travis/build/fontdirectory/opensanscondensed/builds/build/sources/OpenSansCondensedLight-Regular.ttx
Compiling "/home/travis/build/fontdirectory/opensanscondensed/builds/build/sources/OpenSansCondensedLight-Italic.ttx" to "/home/travis/build/fontdirectory/opensanscondensed/builds/build/OpenSansCondensedLight-Italic.ttf"...
Parsing 'GlyphOrder' table...
Parsing 'head' table...
Parsing 'hhea' table...
Parsing 'maxp' table...
Parsing 'OS/2' table...
Parsing 'hmtx' table...
Parsing 'cmap' table...
Parsing 'fpgm' table...
Parsing 'prep' table...
Parsing 'cvt ' table...
Parsing 'loca' table...
Parsing 'glyf' table...
Parsing 'kern' table...
Parsing 'name' table...
Parsing 'post' table...
Parsing 'gasp' table...
Parsing 'GDEF' table...
Parsing 'GPOS' table...
Parsing 'GSUB' table...
Parsing 'DSIG' table...
Compiling "/home/travis/build/fontdirectory/opensanscondensed/builds/build/sources/OpenSansCondensed-Bold.ttx" to "/home/travis/build/fontdirectory/opensanscondensed/builds/build/OpenSansCondensed-Bold.ttf"...
Parsing 'GlyphOrder' table...
Parsing 'head' table...
Parsing 'hhea' table...
Parsing 'maxp' table...
Parsing 'OS/2' table...
Parsing 'hmtx' table...
Parsing 'cmap' table...
Parsing 'fpgm' table...
Parsing 'prep' table...
Parsing 'cvt ' table...
Parsing 'loca' table...
Parsing 'glyf' table...
Parsing 'kern' table...
Parsing 'name' table...
Parsing 'post' table...
Parsing 'gasp' table...
Parsing 'GPOS' table...
Parsing 'GSUB' table...
Compiling "/home/travis/build/fontdirectory/opensanscondensed/builds/build/sources/OpenSansCondensedLight-Regular.ttx" to "/home/travis/build/fontdirectory/opensanscondensed/builds/build/OpenSansCondensedLight-Regular.ttf"...
Parsing 'GlyphOrder' table...
Parsing 'head' table...
Parsing 'hhea' table...
Parsing 'maxp' table...
Parsing 'OS/2' table...
Parsing 'hmtx' table...
Parsing 'cmap' table...
Parsing 'fpgm' table...
Parsing 'prep' table...
Parsing 'cvt ' table...
Parsing 'loca' table...
Parsing 'glyf' table...
Parsing 'kern' table...
Parsing 'name' table...
Parsing 'post' table...
Parsing 'gasp' table...
Parsing 'GDEF' table...
Parsing 'GPOS' table...
Parsing 'GSUB' table...
Parsing 'DSIG' table...
### Test OpenSansCondensedLight-Italic.ttf
$ fontbakery-check.py result OpenSansCondensedLight-Italic.ttf
bakery_lint.tests.downstream.test_check_unencoded_glyph.TestFontUnencodedGlyph.test_font_unencoded_glyphs(): ERROR
bakery_lint.tests.downstream.test_check_font_tables.CheckFontHasDsigTable.test_check_font_has_dsig_table(): OK
bakery_lint.tests.downstream.test_check_font_tables.CheckFontHasNotKernTable.test_no_kern_table_exists(): OK
bakery_lint.tests.downstream.test_check_unused_glyph_data.CheckUnusedGlyphData.test_check_unused_glyph_data(): ERROR
bakery_lint.tests.downstream.test_check_glyf_table_length.CheckGlyfTableLength.test_check_glyf_table_length(): FAIL
bakery_lint.tests.downstream.test_check_hmtx_hhea_max_advance_width_agreement.CheckHmtxHheaMaxAdvanceWidthAgreement.test_check_hmtx_hhea_max_advance_width_agreement(): OK
bakery_lint.tests.downstream.test_check_license_included.CheckLicenseIncluded.test_license_included_in_font_names(): OK
bakery_lint.tests.downstream.test_names_are_ascii_only.CheckNamesAreASCIIOnly.test_check_names_are_ascii_only(): FAIL
$ fontbakery-fix-ascii-fontmetadata.py /home/travis/build/fontdirectory/opensanscondensed/builds/build/OpenSansCondensedLight-Italic.ttf
$ mv /home/travis/build/fontdirectory/opensanscondensed/builds/build/OpenSansCondensedLight-Italic.ttf.fix /home/travis/build/fontdirectory/opensanscondensed/builds/build/OpenSansCondensedLight-Italic.ttf
bakery_lint.tests.downstream.test_names_are_ascii_only.CheckNamesAreASCIIOnly.test_check_names_are_ascii_only(): OK
bakery_lint.tests.downstream.test_check_name_table_recommendation.CheckStyleNameRecommendation.test_check_stylename_is_under_recommendations(): OK
bakery_lint.tests.downstream.test_check_name_table_recommendation.CheckOTFamilyNameRecommendation.test_check_opentype_familyname(): FAIL
$ fontbakery-fix-opentype-names.py /home/travis/build/fontdirectory/opensanscondensed/builds/build/OpenSansCondensedLight-Italic.ttf
$ mv /home/travis/build/fontdirectory/opensanscondensed/builds/build/OpenSansCondensedLight-Italic.ttf.fix /home/travis/build/fontdirectory/opensanscondensed/builds/build/OpenSansCondensedLight-Italic.ttf
bakery_lint.tests.downstream.test_check_name_table_recommendation.CheckOTFamilyNameRecommendation.test_check_opentype_familyname(): OK
bakery_lint.tests.downstream.test_check_name_table_recommendation.CheckOTStyleNameRecommendation.test_check_opentype_stylename(): FAIL
$ fontbakery-fix-opentype-names.py /home/travis/build/fontdirectory/opensanscondensed/builds/build/OpenSansCondensedLight-Italic.ttf
$ mv /home/travis/build/fontdirectory/opensanscondensed/builds/build/OpenSansCondensedLight-Italic.ttf.fix /home/travis/build/fontdirectory/opensanscondensed/builds/build/OpenSansCondensedLight-Italic.ttf
bakery_lint.tests.downstream.test_check_name_table_recommendation.CheckOTStyleNameRecommendation.test_check_opentype_stylename(): FAIL
bakery_lint.tests.downstream.test_check_name_table_recommendation.CheckOTFullNameRecommendation.test_check_opentype_fullname(): OK
bakery_lint.tests.downstream.test_gasp_table_value.CheckGaspTableType.test_check_gasp_table_type(): OK
$ fontbakery-fix-gasp.py --set=15 /home/travis/build/fontdirectory/opensanscondensed/builds/build/OpenSansCondensedLight-Italic.ttf
$ mv /home/travis/build/fontdirectory/opensanscondensed/builds/build/OpenSansCondensedLight-Italic.ttf.fix /home/travis/build/fontdirectory/opensanscondensed/builds/build/OpenSansCondensedLight-Italic.ttf
bakery_lint.tests.downstream.test_check_panose_identification.CheckPanoseIdentification.test_check_panose_identification(): OK
bakery_lint.tests.downstream.test_check_magic_prep_code.CheckMagicPREPByteCode.test_prep_magic_code(): FAIL
bakery_lint.tests.downstream.test_check_glyph_existence.CheckGlyphExistence.test_euro(): OK
bakery_lint.tests.downstream.test_check_glyph_existence.CheckGlyphExistence.test_nbsp(): OK
bakery_lint.tests.downstream.test_check_glyph_existence.CheckGlyphExistence.test_space(): OK
bakery_lint.tests.downstream.test_check_nbsp_width_matches_sp_width.CheckNbspWidthMatchesSpWidth.test_check_nbsp_width_matches_sp_width(): FAIL
$ fontbakery-fix-nbsp.py /home/travis/build/fontdirectory/opensanscondensed/builds/build/OpenSansCondensedLight-Italic.ttf
$ mv /home/travis/build/fontdirectory/opensanscondensed/builds/build/OpenSansCondensedLight-Italic.ttf.fix /home/travis/build/fontdirectory/opensanscondensed/builds/build/OpenSansCondensedLight-Italic.ttf
bakery_lint.tests.downstream.test_check_nbsp_width_matches_sp_width.CheckNbspWidthMatchesSpWidth.test_check_nbsp_width_matches_sp_width(): FAIL
The following table(s) in the font have been ignored by FontForge
  Ignoring 'DSIG' digital signature table
This font contains both a 'kern' table and a 'GPOS' table.
  The 'kern' table will only be read if there is no 'kern' feature in 'GPOS'.
Warning: Mac string is a subset of the Windows string in the 'name' table
 for the Fullname string in the English (US) language.
Warning: Mac string is a subset of the Windows string in the 'name' table
 for the Preferred Family string in the English (US) language.
Warning: Mac and Windows entries in the 'name' table differ for the
 Preferred Styles string in the language English (US)
 Mac String: Condensed Light Italic
Windows String: Regular
The glyph named Tcommaaccent is mapped to U+021A.
But its name indicates it should be mapped to U+0162.
The glyph named tcommaaccent is mapped to U+021B.
But its name indicates it should be mapped to U+0163.
The glyph named macron is mapped to U+02C9.
But its name indicates it should be mapped to U+00AF.
The glyph named hook is mapped to U+0309.
But its name indicates it should be mapped to U+2440.
bakery_lint.tests.downstream.test_fontforge_validation_state.FontForgeValidateStateTest.test_allowed_numbers_paths_in_composite_glyphs(): OK
bakery_lint.tests.downstream.test_fontforge_validation_state.FontForgeValidateStateTest.test_allowed_numbers_paths_in_glyphs(): OK
bakery_lint.tests.downstream.test_fontforge_validation_state.FontForgeValidateStateTest.test_allowed_numbers_points_in_composite_glyphs(): OK
bakery_lint.tests.downstream.test_fontforge_validation_state.FontForgeValidateStateTest.test_allowed_numbers_points_in_glyphs(): OK
bakery_lint.tests.downstream.test_fontforge_validation_state.FontForgeValidateStateTest.test_duplicate_glyphs(): OK
bakery_lint.tests.downstream.test_fontforge_validation_state.FontForgeValidateStateTest.test_duplicate_unicode_codepoints(): OK
bakery_lint.tests.downstream.test_fontforge_validation_state.FontForgeValidateStateTest.test_flipped_reference_in_glyphs(): OK
bakery_lint.tests.downstream.test_fontforge_validation_state.FontForgeValidateStateTest.test_missing_anchors(): OK
bakery_lint.tests.downstream.test_fontforge_validation_state.FontForgeValidateStateTest.test_missing_extrema_in_glyphs(): FAIL
bakery_lint.tests.downstream.test_fontforge_validation_state.FontForgeValidateStateTest.test_overlapped_hints(): OK
bakery_lint.tests.downstream.test_fontforge_validation_state.FontForgeValidateStateTest.test_points_are_integer_aligned(): OK
bakery_lint.tests.downstream.test_fontforge_validation_state.FontForgeValidateStateTest.test_points_are_not_too_far_apart(): OK
bakery_lint.tests.downstream.test_fontforge_validation_state.FontForgeValidateStateTest.test_postscript_hasnt_limit_hints_in_glyphs(): OK
bakery_lint.tests.downstream.test_fontforge_validation_state.FontForgeValidateStateTest.test_postscript_hasnt_limit_points_in_glyphs(): OK
bakery_lint.tests.downstream.test_fontforge_validation_state.FontForgeValidateStateTest.test_referenced_glyphs_are_present(): OK
bakery_lint.tests.downstream.test_fontforge_validation_state.FontForgeValidateStateTest.test_valid_glyph_names(): OK
bakery_lint.tests.downstream.test_fontforge_validation_state.FontForgeValidateStateTest.test_valid_length_instructions(): OK
bakery_lint.tests.downstream.test_fontforge_validation_state.FontForgeValidateStateTest.test_validation_glyph_intersect(): FAIL
bakery_lint.tests.downstream.test_fontforge_validation_state.FontForgeValidateStateTest.test_validation_open_contours(): OK
bakery_lint.tests.downstream.test_fontforge_validation_state.FontForgeValidateStateTest.test_wrong_direction_in_glyphs(): OK
bakery_lint.tests.downstream.test_check_vertical_metrics.CheckVerticalLinegapMetrics.test_metrics_linegaps_are_zero(): FAIL
$ fontbakery-fix-vertical-metrics.py --autofix /home/travis/build/fontdirectory/opensanscondensed/builds/build/OpenSansCondensedLight-Italic.ttf /home/travis/build/fontdirectory/opensanscondensed/builds/build/OpenSansCondensedLight-Regular.ttf /home/travis/build/fontdirectory/opensanscondensed/builds/build/OpenSansCondensed-Bold.ttf
$ mv /home/travis/build/fontdirectory/opensanscondensed/builds/build/OpenSansCondensedLight-Italic.ttf.fix /home/travis/build/fontdirectory/opensanscondensed/builds/build/OpenSansCondensedLight-Italic.ttf
$ mv /home/travis/build/fontdirectory/opensanscondensed/builds/build/OpenSansCondensedLight-Regular.ttf.fix /home/travis/build/fontdirectory/opensanscondensed/builds/build/OpenSansCondensedLight-Regular.ttf
$ mv /home/travis/build/fontdirectory/opensanscondensed/builds/build/OpenSansCondensed-Bold.ttf.fix /home/travis/build/fontdirectory/opensanscondensed/builds/build/OpenSansCondensed-Bold.ttf
$ fontbakery-fix-vertical-metrics.py /home/travis/build/fontdirectory/opensanscondensed/builds/build/OpenSansCondensedLight-Italic.ttf /home/travis/build/fontdirectory/opensanscondensed/builds/build/OpenSansCondensedLight-Regular.ttf /home/travis/build/fontdirectory/opensanscondensed/builds/build/OpenSansCondensed-Bold.ttf
Parameter              OpenSansCondensedLight-Italic.ttf    OpenSansCondensedLight-Regular.ttf    OpenSansCondensed-Bold.ttf    
ymax                   2132                                 2132                                  2173                          
hhea.ascent            2173                                 2173                                  2173                          
OS/2.sTypoAscender     2173                                 2173                                  2173                          
OS/2.usWinAscent       2173                                 2173                                  2173                          
ymin                   -508                                 -512                                  -592                          
hhea.descent           -592                                 -592                                  -592                          
OS/2.sTypoDescender    -592                                 -592                                  -592                          
OS/2.usWinDescent      592                                  592                                   592                           
hhea.lineGap           0                                    0                                     0                             
OS/2.sTypoLineGap      0                                    0                                     0                             
hhea total             2765                                 2765                                  2765                          
typo total             2765                                 2765                                  2765                          
win total              2765                                 2765                                  2765                          
UPM:Heights            2048:2640                            2048:2644                             2048:2765                     
UPM:Heights %          128 %                                129 %                                 135 %                         


bakery_lint.tests.downstream.test_check_vertical_metrics.CheckVerticalLinegapMetrics.test_metrics_linegaps_are_zero(): OK
bakery_lint.tests.downstream.test_check_vertical_metrics.CheckVerticalAscentMetrics.test_metrics_ascents_equal_bbox(): OK
bakery_lint.tests.downstream.test_check_vertical_metrics.CheckVerticalDescentMetrics.test_metrics_descents_equal_bbox(): OK
bakery_lint.tests.downstream.test_check_full_font_name_begins_with_family_name.CheckFullFontNameBeginsWithFamilyName.test_check_full_font_name_begins_with_family_name(): FAIL
bakery_lint.tests.downstream.test_check_font_agreements.CheckFsTypeIsNotSet.test_is_fstype_not_set(): FAIL
$ fontbakery-fix-fstype.py --autofix /home/travis/build/fontdirectory/opensanscondensed/builds/build/OpenSansCondensedLight-Italic.ttf
$ mv /home/travis/build/fontdirectory/opensanscondensed/builds/build/OpenSansCondensedLight-Italic.ttf.fix /home/travis/build/fontdirectory/opensanscondensed/builds/build/OpenSansCondensedLight-Italic.ttf
bakery_lint.tests.downstream.test_check_font_agreements.CheckFsTypeIsNotSet.test_is_fstype_not_set(): OK
$ fontbakery-fix-fstype.py --autofix /home/travis/build/fontdirectory/opensanscondensed/builds/build/OpenSansCondensedLight-Italic.ttf
$ mv /home/travis/build/fontdirectory/opensanscondensed/builds/build/OpenSansCondensedLight-Italic.ttf.fix /home/travis/build/fontdirectory/opensanscondensed/builds/build/OpenSansCondensedLight-Italic.ttf
bakery_lint.tests.downstream.test_check_font_agreements.CheckFontAgreements.test_em_is_1000(): FAIL
bakery_lint.tests.downstream.test_check_font_agreements.CheckFontAgreements.test_font_is_font(): OK
bakery_lint.tests.downstream.test_check_font_agreements.CheckFontAgreements.test_latin_file_exists(): FAIL
bakery_lint.tests.downstream.test_check_font_agreements.CheckFontAgreements.test_menu_file_exists(): FAIL
bakery_lint.tests.downstream.test_check_fontname_matches_macstyle.CheckFontNameEqualToMacStyleFlags.test_fontname_is_equal_to_macstyle(): FAIL
bakery_lint.tests.downstream.test_check_no_problematic_formats.CheckNoProblematicFormats.test_check_no_problematic_formats(): OK
bakery_lint.tests.downstream.test_gpos_table_has_kerning_info.CheckGposTableHasKerningInfo.test_gpos_table_has_kerning_info(): FAIL
bakery_lint.tests.downstream.test_check_os2_width_class.CheckOS2WidthClass.test_check_os2_width_class(): OK
bakery_lint.tests.downstream.test_check_italic_angle_agreement.CheckItalicAngleAgreement.test_check_italic_angle_agreement(): OK
bakery_lint.tests.downstream.test_check_names_same_across_platforms.CheckNamesSameAcrossPlatforms.test_check_names_same_across_platforms(): FAIL
bakery_lint.tests.downstream.test_check_upm_heights_less_120.TestCheckUPMHeightsLess120.test_check_upm_heigths_less_120(): FAIL
### Optimize TTF OpenSansCondensedLight-Italic.ttf
$ ls -l 'OpenSansCondensedLight-Italic.ttf'* # look at the size savings of that subset process
OpenSansCondensedLight-Italic.ttf.opt: 82436 bytes
OpenSansCondensedLight-Italic.ttf: 145068 bytes
$ mv /home/travis/build/fontdirectory/opensanscondensed/builds/build/OpenSansCondensedLight-Italic.ttf.opt /home/travis/build/fontdirectory/opensanscondensed/builds/build/OpenSansCondensedLight-Italic.ttf
### Autohint TTFs (ttfautohint) OpenSansCondensedLight-Italic.ttf
$ ttfautohint -l 7 -r 28 -G 50 -x 13 -w "G" /home/travis/build/fontdirectory/opensanscondensed/builds/build/OpenSansCondensedLight-Italic.ttf '/home/travis/build/fontdirectory/opensanscondensed/builds/build/OpenSansCondensedLight-Italic.autohint.ttf'

$ ls -l /home/travis/build/fontdirectory/opensanscondensed/builds/build/OpenSansCondensedLight-Italic.*ttf # look at the size savings of that subset process
/home/travis/build/fontdirectory/opensanscondensed/builds/build/OpenSansCondensedLight-Italic.ttf: 82436 bytes
/home/travis/build/fontdirectory/opensanscondensed/builds/build/OpenSansCondensedLight-Italic.autohint.ttf: 92052 bytes
$ mv /home/travis/build/fontdirectory/opensanscondensed/builds/build/OpenSansCondensedLight-Italic.autohint.ttf /home/travis/build/fontdirectory/opensanscondensed/builds/build/OpenSansCondensedLight-Italic.ttf
### Subset TTFs (pyftsubset) OpenSansCondensedLight-Italic.ttf
$ pyftsubset OpenSansCondensedLight-Italic.latin
$ pyftsubset OpenSansCondensedLight-Italic.menu
spaceWidth is    346
nbspWidth is     479
OpenSansCondensedLight-Italic.ttf.fix made with spaceWidth and nbspWidth of 479
strippedname:/home/travis/build/fontdirectory/opensanscondensed/builds/build/OpenSansCondensedLight-Italic.ttf
### Test OpenSansCondensed-Bold.ttf
$ fontbakery-check.py result OpenSansCondensed-Bold.ttf
bakery_lint.tests.downstream.test_check_unencoded_glyph.TestFontUnencodedGlyph.test_font_unencoded_glyphs(): ERROR
bakery_lint.tests.downstream.test_check_font_tables.CheckFontHasDsigTable.test_check_font_has_dsig_table(): FAIL
$ fontbakery-fix-dsig.py /home/travis/build/fontdirectory/opensanscondensed/builds/build/OpenSansCondensed-Bold.ttf
$ mv /home/travis/build/fontdirectory/opensanscondensed/builds/build/OpenSansCondensed-Bold.ttf.fix /home/travis/build/fontdirectory/opensanscondensed/builds/build/OpenSansCondensed-Bold.ttf
bakery_lint.tests.downstream.test_check_font_tables.CheckFontHasDsigTable.test_check_font_has_dsig_table(): OK
bakery_lint.tests.downstream.test_check_font_tables.CheckFontHasNotKernTable.test_no_kern_table_exists(): OK
bakery_lint.tests.downstream.test_check_unused_glyph_data.CheckUnusedGlyphData.test_check_unused_glyph_data(): ERROR
bakery_lint.tests.downstream.test_check_glyf_table_length.CheckGlyfTableLength.test_check_glyf_table_length(): FAIL
bakery_lint.tests.downstream.test_check_hmtx_hhea_max_advance_width_agreement.CheckHmtxHheaMaxAdvanceWidthAgreement.test_check_hmtx_hhea_max_advance_width_agreement(): OK
bakery_lint.tests.downstream.test_check_license_included.CheckLicenseIncluded.test_license_included_in_font_names(): OK
bakery_lint.tests.downstream.test_names_are_ascii_only.CheckNamesAreASCIIOnly.test_check_names_are_ascii_only(): FAIL
$ fontbakery-fix-ascii-fontmetadata.py /home/travis/build/fontdirectory/opensanscondensed/builds/build/OpenSansCondensed-Bold.ttf
$ mv /home/travis/build/fontdirectory/opensanscondensed/builds/build/OpenSansCondensed-Bold.ttf.fix /home/travis/build/fontdirectory/opensanscondensed/builds/build/OpenSansCondensed-Bold.ttf
bakery_lint.tests.downstream.test_names_are_ascii_only.CheckNamesAreASCIIOnly.test_check_names_are_ascii_only(): OK
bakery_lint.tests.downstream.test_check_name_table_recommendation.CheckStyleNameRecommendation.test_check_stylename_is_under_recommendations(): OK
bakery_lint.tests.downstream.test_check_name_table_recommendation.CheckOTFamilyNameRecommendation.test_check_opentype_familyname(): FAIL
$ fontbakery-fix-opentype-names.py /home/travis/build/fontdirectory/opensanscondensed/builds/build/OpenSansCondensed-Bold.ttf
$ mv /home/travis/build/fontdirectory/opensanscondensed/builds/build/OpenSansCondensed-Bold.ttf.fix /home/travis/build/fontdirectory/opensanscondensed/builds/build/OpenSansCondensed-Bold.ttf
bakery_lint.tests.downstream.test_check_name_table_recommendation.CheckOTFamilyNameRecommendation.test_check_opentype_familyname(): OK
bakery_lint.tests.downstream.test_check_name_table_recommendation.CheckOTStyleNameRecommendation.test_check_opentype_stylename(): OK
bakery_lint.tests.downstream.test_check_name_table_recommendation.CheckOTFullNameRecommendation.test_check_opentype_fullname(): OK
bakery_lint.tests.downstream.test_gasp_table_value.CheckGaspTableType.test_check_gasp_table_type(): OK
$ fontbakery-fix-gasp.py --set=15 /home/travis/build/fontdirectory/opensanscondensed/builds/build/OpenSansCondensed-Bold.ttf
$ mv /home/travis/build/fontdirectory/opensanscondensed/builds/build/OpenSansCondensed-Bold.ttf.fix /home/travis/build/fontdirectory/opensanscondensed/builds/build/OpenSansCondensed-Bold.ttf
bakery_lint.tests.downstream.test_check_panose_identification.CheckPanoseIdentification.test_check_panose_identification(): OK
bakery_lint.tests.downstream.test_check_magic_prep_code.CheckMagicPREPByteCode.test_prep_magic_code(): FAIL
bakery_lint.tests.downstream.test_check_glyph_existence.CheckGlyphExistence.test_euro(): OK
bakery_lint.tests.downstream.test_check_glyph_existence.CheckGlyphExistence.test_nbsp(): OK
bakery_lint.tests.downstream.test_check_glyph_existence.CheckGlyphExistence.test_space(): OK
bakery_lint.tests.downstream.test_check_nbsp_width_matches_sp_width.CheckNbspWidthMatchesSpWidth.test_check_nbsp_width_matches_sp_width(): FAIL
$ fontbakery-fix-nbsp.py /home/travis/build/fontdirectory/opensanscondensed/builds/build/OpenSansCondensed-Bold.ttf
$ mv /home/travis/build/fontdirectory/opensanscondensed/builds/build/OpenSansCondensed-Bold.ttf.fix /home/travis/build/fontdirectory/opensanscondensed/builds/build/OpenSansCondensed-Bold.ttf
bakery_lint.tests.downstream.test_check_nbsp_width_matches_sp_width.CheckNbspWidthMatchesSpWidth.test_check_nbsp_width_matches_sp_width(): FAIL
The following table(s) in the font have been ignored by FontForge
  Ignoring 'DSIG' digital signature table
This font contains both a 'kern' table and a 'GPOS' table.
  The 'kern' table will only be read if there is no 'kern' feature in 'GPOS'.
The glyph named Tcommaaccent is mapped to U+021A.
But its name indicates it should be mapped to U+0162.
The glyph named tcommaaccent is mapped to U+021B.
But its name indicates it should be mapped to U+0163.
The glyph named macron is mapped to U+02C9.
But its name indicates it should be mapped to U+00AF.
The glyph named hook is mapped to U+0309.
But its name indicates it should be mapped to U+2440.
bakery_lint.tests.downstream.test_fontforge_validation_state.FontForgeValidateStateTest.test_allowed_numbers_paths_in_composite_glyphs(): OK
bakery_lint.tests.downstream.test_fontforge_validation_state.FontForgeValidateStateTest.test_allowed_numbers_paths_in_glyphs(): OK
bakery_lint.tests.downstream.test_fontforge_validation_state.FontForgeValidateStateTest.test_allowed_numbers_points_in_composite_glyphs(): OK
bakery_lint.tests.downstream.test_fontforge_validation_state.FontForgeValidateStateTest.test_allowed_numbers_points_in_glyphs(): OK
bakery_lint.tests.downstream.test_fontforge_validation_state.FontForgeValidateStateTest.test_duplicate_glyphs(): OK
bakery_lint.tests.downstream.test_fontforge_validation_state.FontForgeValidateStateTest.test_duplicate_unicode_codepoints(): OK
bakery_lint.tests.downstream.test_fontforge_validation_state.FontForgeValidateStateTest.test_flipped_reference_in_glyphs(): OK
bakery_lint.tests.downstream.test_fontforge_validation_state.FontForgeValidateStateTest.test_missing_anchors(): OK
bakery_lint.tests.downstream.test_fontforge_validation_state.FontForgeValidateStateTest.test_missing_extrema_in_glyphs(): OK
bakery_lint.tests.downstream.test_fontforge_validation_state.FontForgeValidateStateTest.test_overlapped_hints(): OK
bakery_lint.tests.downstream.test_fontforge_validation_state.FontForgeValidateStateTest.test_points_are_integer_aligned(): OK
bakery_lint.tests.downstream.test_fontforge_validation_state.FontForgeValidateStateTest.test_points_are_not_too_far_apart(): OK
bakery_lint.tests.downstream.test_fontforge_validation_state.FontForgeValidateStateTest.test_postscript_hasnt_limit_hints_in_glyphs(): OK
bakery_lint.tests.downstream.test_fontforge_validation_state.FontForgeValidateStateTest.test_postscript_hasnt_limit_points_in_glyphs(): OK
bakery_lint.tests.downstream.test_fontforge_validation_state.FontForgeValidateStateTest.test_referenced_glyphs_are_present(): OK
bakery_lint.tests.downstream.test_fontforge_validation_state.FontForgeValidateStateTest.test_valid_glyph_names(): OK
bakery_lint.tests.downstream.test_fontforge_validation_state.FontForgeValidateStateTest.test_valid_length_instructions(): OK
bakery_lint.tests.downstream.test_fontforge_validation_state.FontForgeValidateStateTest.test_validation_glyph_intersect(): FAIL
bakery_lint.tests.downstream.test_fontforge_validation_state.FontForgeValidateStateTest.test_validation_open_contours(): OK
bakery_lint.tests.downstream.test_fontforge_validation_state.FontForgeValidateStateTest.test_wrong_direction_in_glyphs(): OK
bakery_lint.tests.downstream.test_check_vertical_metrics.CheckVerticalLinegapMetrics.test_metrics_linegaps_are_zero(): OK
bakery_lint.tests.downstream.test_check_vertical_metrics.CheckVerticalAscentMetrics.test_metrics_ascents_equal_bbox(): OK
bakery_lint.tests.downstream.test_check_vertical_metrics.CheckVerticalDescentMetrics.test_metrics_descents_equal_bbox(): OK
bakery_lint.tests.downstream.test_check_full_font_name_begins_with_family_name.CheckFullFontNameBeginsWithFamilyName.test_check_full_font_name_begins_with_family_name(): OK
bakery_lint.tests.downstream.test_check_font_agreements.CheckFsTypeIsNotSet.test_is_fstype_not_set(): FAIL
$ fontbakery-fix-fstype.py --autofix /home/travis/build/fontdirectory/opensanscondensed/builds/build/OpenSansCondensed-Bold.ttf
$ mv /home/travis/build/fontdirectory/opensanscondensed/builds/build/OpenSansCondensed-Bold.ttf.fix /home/travis/build/fontdirectory/opensanscondensed/builds/build/OpenSansCondensed-Bold.ttf
bakery_lint.tests.downstream.test_check_font_agreements.CheckFsTypeIsNotSet.test_is_fstype_not_set(): OK
$ fontbakery-fix-fstype.py --autofix /home/travis/build/fontdirectory/opensanscondensed/builds/build/OpenSansCondensed-Bold.ttf
$ mv /home/travis/build/fontdirectory/opensanscondensed/builds/build/OpenSansCondensed-Bold.ttf.fix /home/travis/build/fontdirectory/opensanscondensed/builds/build/OpenSansCondensed-Bold.ttf
bakery_lint.tests.downstream.test_check_font_agreements.CheckFontAgreements.test_em_is_1000(): FAIL
bakery_lint.tests.downstream.test_check_font_agreements.CheckFontAgreements.test_font_is_font(): OK
bakery_lint.tests.downstream.test_check_font_agreements.CheckFontAgreements.test_latin_file_exists(): FAIL
bakery_lint.tests.downstream.test_check_font_agreements.CheckFontAgreements.test_menu_file_exists(): FAIL
bakery_lint.tests.downstream.test_check_fontname_matches_macstyle.CheckFontNameEqualToMacStyleFlags.test_fontname_is_equal_to_macstyle(): FAIL
bakery_lint.tests.downstream.test_check_no_problematic_formats.CheckNoProblematicFormats.test_check_no_problematic_formats(): OK
bakery_lint.tests.downstream.test_gpos_table_has_kerning_info.CheckGposTableHasKerningInfo.test_gpos_table_has_kerning_info(): OK
bakery_lint.tests.downstream.test_check_os2_width_class.CheckOS2WidthClass.test_check_os2_width_class(): OK
bakery_lint.tests.downstream.test_check_italic_angle_agreement.CheckItalicAngleAgreement.test_check_italic_angle_agreement(): OK
bakery_lint.tests.downstream.test_check_names_same_across_platforms.CheckNamesSameAcrossPlatforms.test_check_names_same_across_platforms(): OK
bakery_lint.tests.downstream.test_check_upm_heights_less_120.TestCheckUPMHeightsLess120.test_check_upm_heigths_less_120(): FAIL
### Optimize TTF OpenSansCondensed-Bold.ttf
$ ls -l 'OpenSansCondensed-Bold.ttf'* # look at the size savings of that subset process
OpenSansCondensed-Bold.ttf.opt: 130104 bytes
OpenSansCondensed-Bold.ttf: 233480 bytes
$ mv /home/travis/build/fontdirectory/opensanscondensed/builds/build/OpenSansCondensed-Bold.ttf.opt /home/travis/build/fontdirectory/opensanscondensed/builds/build/OpenSansCondensed-Bold.ttf
### Autohint TTFs (ttfautohint) OpenSansCondensed-Bold.ttf
$ ttfautohint -l 7 -r 28 -G 50 -x 13 -w "G" /home/travis/build/fontdirectory/opensanscondensed/builds/build/OpenSansCondensed-Bold.ttf '/home/travis/build/fontdirectory/opensanscondensed/builds/build/OpenSansCondensed-Bold.autohint.ttf'

$ ls -l /home/travis/build/fontdirectory/opensanscondensed/builds/build/OpenSansCondensed-Bold.*ttf # look at the size savings of that subset process
/home/travis/build/fontdirectory/opensanscondensed/builds/build/OpenSansCondensed-Bold.ttf: 130104 bytes
/home/travis/build/fontdirectory/opensanscondensed/builds/build/OpenSansCondensed-Bold.autohint.ttf: 127408 bytes
$ mv /home/travis/build/fontdirectory/opensanscondensed/builds/build/OpenSansCondensed-Bold.autohint.ttf /home/travis/build/fontdirectory/opensanscondensed/builds/build/OpenSansCondensed-Bold.ttf
### Subset TTFs (pyftsubset) OpenSansCondensed-Bold.ttf
$ pyftsubset OpenSansCondensed-Bold.latin
$ pyftsubset OpenSansCondensed-Bold.menu
spaceWidth is    506
nbspWidth is     532
OpenSansCondensed-Bold.ttf.fix made with spaceWidth and nbspWidth of 532
strippedname:/home/travis/build/fontdirectory/opensanscondensed/builds/build/OpenSansCondensed-Bold.ttf
### Test OpenSansCondensedLight-Regular.ttf
$ fontbakery-check.py result OpenSansCondensedLight-Regular.ttf
bakery_lint.tests.downstream.test_check_unencoded_glyph.TestFontUnencodedGlyph.test_font_unencoded_glyphs(): ERROR
bakery_lint.tests.downstream.test_check_font_tables.CheckFontHasDsigTable.test_check_font_has_dsig_table(): OK
bakery_lint.tests.downstream.test_check_font_tables.CheckFontHasNotKernTable.test_no_kern_table_exists(): OK
bakery_lint.tests.downstream.test_check_unused_glyph_data.CheckUnusedGlyphData.test_check_unused_glyph_data(): ERROR
bakery_lint.tests.downstream.test_check_glyf_table_length.CheckGlyfTableLength.test_check_glyf_table_length(): FAIL
bakery_lint.tests.downstream.test_check_hmtx_hhea_max_advance_width_agreement.CheckHmtxHheaMaxAdvanceWidthAgreement.test_check_hmtx_hhea_max_advance_width_agreement(): OK
bakery_lint.tests.downstream.test_check_license_included.CheckLicenseIncluded.test_license_included_in_font_names(): OK
bakery_lint.tests.downstream.test_names_are_ascii_only.CheckNamesAreASCIIOnly.test_check_names_are_ascii_only(): FAIL
$ fontbakery-fix-ascii-fontmetadata.py /home/travis/build/fontdirectory/opensanscondensed/builds/build/OpenSansCondensedLight-Regular.ttf
$ mv /home/travis/build/fontdirectory/opensanscondensed/builds/build/OpenSansCondensedLight-Regular.ttf.fix /home/travis/build/fontdirectory/opensanscondensed/builds/build/OpenSansCondensedLight-Regular.ttf
bakery_lint.tests.downstream.test_names_are_ascii_only.CheckNamesAreASCIIOnly.test_check_names_are_ascii_only(): OK
bakery_lint.tests.downstream.test_check_name_table_recommendation.CheckStyleNameRecommendation.test_check_stylename_is_under_recommendations(): OK
bakery_lint.tests.downstream.test_check_name_table_recommendation.CheckOTFamilyNameRecommendation.test_check_opentype_familyname(): FAIL
$ fontbakery-fix-opentype-names.py /home/travis/build/fontdirectory/opensanscondensed/builds/build/OpenSansCondensedLight-Regular.ttf
$ mv /home/travis/build/fontdirectory/opensanscondensed/builds/build/OpenSansCondensedLight-Regular.ttf.fix /home/travis/build/fontdirectory/opensanscondensed/builds/build/OpenSansCondensedLight-Regular.ttf
bakery_lint.tests.downstream.test_check_name_table_recommendation.CheckOTFamilyNameRecommendation.test_check_opentype_familyname(): OK
bakery_lint.tests.downstream.test_check_name_table_recommendation.CheckOTStyleNameRecommendation.test_check_opentype_stylename(): OK
bakery_lint.tests.downstream.test_check_name_table_recommendation.CheckOTFullNameRecommendation.test_check_opentype_fullname(): OK
bakery_lint.tests.downstream.test_gasp_table_value.CheckGaspTableType.test_check_gasp_table_type(): OK
$ fontbakery-fix-gasp.py --set=15 /home/travis/build/fontdirectory/opensanscondensed/builds/build/OpenSansCondensedLight-Regular.ttf
$ mv /home/travis/build/fontdirectory/opensanscondensed/builds/build/OpenSansCondensedLight-Regular.ttf.fix /home/travis/build/fontdirectory/opensanscondensed/builds/build/OpenSansCondensedLight-Regular.ttf
bakery_lint.tests.downstream.test_check_panose_identification.CheckPanoseIdentification.test_check_panose_identification(): OK
bakery_lint.tests.downstream.test_check_magic_prep_code.CheckMagicPREPByteCode.test_prep_magic_code(): FAIL
bakery_lint.tests.downstream.test_check_glyph_existence.CheckGlyphExistence.test_euro(): OK
bakery_lint.tests.downstream.test_check_glyph_existence.CheckGlyphExistence.test_nbsp(): OK
bakery_lint.tests.downstream.test_check_glyph_existence.CheckGlyphExistence.test_space(): OK
bakery_lint.tests.downstream.test_check_nbsp_width_matches_sp_width.CheckNbspWidthMatchesSpWidth.test_check_nbsp_width_matches_sp_width(): FAIL
$ fontbakery-fix-nbsp.py /home/travis/build/fontdirectory/opensanscondensed/builds/build/OpenSansCondensedLight-Regular.ttf
$ mv /home/travis/build/fontdirectory/opensanscondensed/builds/build/OpenSansCondensedLight-Regular.ttf.fix /home/travis/build/fontdirectory/opensanscondensed/builds/build/OpenSansCondensedLight-Regular.ttf
bakery_lint.tests.downstream.test_check_nbsp_width_matches_sp_width.CheckNbspWidthMatchesSpWidth.test_check_nbsp_width_matches_sp_width(): FAIL
The following table(s) in the font have been ignored by FontForge
  Ignoring 'DSIG' digital signature table
This font contains both a 'kern' table and a 'GPOS' table.
  The 'kern' table will only be read if there is no 'kern' feature in 'GPOS'.
Warning: Mac string is a subset of the Windows string in the 'name' table
 for the Fullname string in the English (US) language.
Warning: Mac string is a subset of the Windows string in the 'name' table
 for the Preferred Family string in the English (US) language.
Warning: Mac and Windows entries in the 'name' table differ for the
 Preferred Styles string in the language English (US)
 Mac String: Condensed Light
Windows String: Regular
The glyph named Tcommaaccent is mapped to U+021A.
But its name indicates it should be mapped to U+0162.
The glyph named tcommaaccent is mapped to U+021B.
But its name indicates it should be mapped to U+0163.
The glyph named macron is mapped to U+02C9.
But its name indicates it should be mapped to U+00AF.
The glyph named hook is mapped to U+0309.
But its name indicates it should be mapped to U+2440.
bakery_lint.tests.downstream.test_fontforge_validation_state.FontForgeValidateStateTest.test_allowed_numbers_paths_in_composite_glyphs(): OK
bakery_lint.tests.downstream.test_fontforge_validation_state.FontForgeValidateStateTest.test_allowed_numbers_paths_in_glyphs(): OK
bakery_lint.tests.downstream.test_fontforge_validation_state.FontForgeValidateStateTest.test_allowed_numbers_points_in_composite_glyphs(): OK
bakery_lint.tests.downstream.test_fontforge_validation_state.FontForgeValidateStateTest.test_allowed_numbers_points_in_glyphs(): OK
bakery_lint.tests.downstream.test_fontforge_validation_state.FontForgeValidateStateTest.test_duplicate_glyphs(): OK
bakery_lint.tests.downstream.test_fontforge_validation_state.FontForgeValidateStateTest.test_duplicate_unicode_codepoints(): OK
bakery_lint.tests.downstream.test_fontforge_validation_state.FontForgeValidateStateTest.test_flipped_reference_in_glyphs(): OK
bakery_lint.tests.downstream.test_fontforge_validation_state.FontForgeValidateStateTest.test_missing_anchors(): OK
bakery_lint.tests.downstream.test_fontforge_validation_state.FontForgeValidateStateTest.test_missing_extrema_in_glyphs(): OK
bakery_lint.tests.downstream.test_fontforge_validation_state.FontForgeValidateStateTest.test_overlapped_hints(): OK
bakery_lint.tests.downstream.test_fontforge_validation_state.FontForgeValidateStateTest.test_points_are_integer_aligned(): OK
bakery_lint.tests.downstream.test_fontforge_validation_state.FontForgeValidateStateTest.test_points_are_not_too_far_apart(): OK
bakery_lint.tests.downstream.test_fontforge_validation_state.FontForgeValidateStateTest.test_postscript_hasnt_limit_hints_in_glyphs(): OK
bakery_lint.tests.downstream.test_fontforge_validation_state.FontForgeValidateStateTest.test_postscript_hasnt_limit_points_in_glyphs(): OK
bakery_lint.tests.downstream.test_fontforge_validation_state.FontForgeValidateStateTest.test_referenced_glyphs_are_present(): OK
bakery_lint.tests.downstream.test_fontforge_validation_state.FontForgeValidateStateTest.test_valid_glyph_names(): OK
bakery_lint.tests.downstream.test_fontforge_validation_state.FontForgeValidateStateTest.test_valid_length_instructions(): OK
bakery_lint.tests.downstream.test_fontforge_validation_state.FontForgeValidateStateTest.test_validation_glyph_intersect(): FAIL
bakery_lint.tests.downstream.test_fontforge_validation_state.FontForgeValidateStateTest.test_validation_open_contours(): OK
bakery_lint.tests.downstream.test_fontforge_validation_state.FontForgeValidateStateTest.test_wrong_direction_in_glyphs(): OK
bakery_lint.tests.downstream.test_check_vertical_metrics.CheckVerticalLinegapMetrics.test_metrics_linegaps_are_zero(): OK
bakery_lint.tests.downstream.test_check_vertical_metrics.CheckVerticalAscentMetrics.test_metrics_ascents_equal_bbox(): OK
bakery_lint.tests.downstream.test_check_vertical_metrics.CheckVerticalDescentMetrics.test_metrics_descents_equal_bbox(): OK
bakery_lint.tests.downstream.test_check_full_font_name_begins_with_family_name.CheckFullFontNameBeginsWithFamilyName.test_check_full_font_name_begins_with_family_name(): FAIL
bakery_lint.tests.downstream.test_check_font_agreements.CheckFsTypeIsNotSet.test_is_fstype_not_set(): FAIL
$ fontbakery-fix-fstype.py --autofix /home/travis/build/fontdirectory/opensanscondensed/builds/build/OpenSansCondensedLight-Regular.ttf
$ mv /home/travis/build/fontdirectory/opensanscondensed/builds/build/OpenSansCondensedLight-Regular.ttf.fix /home/travis/build/fontdirectory/opensanscondensed/builds/build/OpenSansCondensedLight-Regular.ttf
bakery_lint.tests.downstream.test_check_font_agreements.CheckFsTypeIsNotSet.test_is_fstype_not_set(): OK
$ fontbakery-fix-fstype.py --autofix /home/travis/build/fontdirectory/opensanscondensed/builds/build/OpenSansCondensedLight-Regular.ttf
$ mv /home/travis/build/fontdirectory/opensanscondensed/builds/build/OpenSansCondensedLight-Regular.ttf.fix /home/travis/build/fontdirectory/opensanscondensed/builds/build/OpenSansCondensedLight-Regular.ttf
bakery_lint.tests.downstream.test_check_font_agreements.CheckFontAgreements.test_em_is_1000(): FAIL
bakery_lint.tests.downstream.test_check_font_agreements.CheckFontAgreements.test_font_is_font(): OK
bakery_lint.tests.downstream.test_check_font_agreements.CheckFontAgreements.test_latin_file_exists(): FAIL
bakery_lint.tests.downstream.test_check_font_agreements.CheckFontAgreements.test_menu_file_exists(): FAIL
bakery_lint.tests.downstream.test_check_fontname_matches_macstyle.CheckFontNameEqualToMacStyleFlags.test_fontname_is_equal_to_macstyle(): FAIL
bakery_lint.tests.downstream.test_check_no_problematic_formats.CheckNoProblematicFormats.test_check_no_problematic_formats(): OK
bakery_lint.tests.downstream.test_gpos_table_has_kerning_info.CheckGposTableHasKerningInfo.test_gpos_table_has_kerning_info(): FAIL
bakery_lint.tests.downstream.test_check_os2_width_class.CheckOS2WidthClass.test_check_os2_width_class(): OK
bakery_lint.tests.downstream.test_check_italic_angle_agreement.CheckItalicAngleAgreement.test_check_italic_angle_agreement(): OK
bakery_lint.tests.downstream.test_check_names_same_across_platforms.CheckNamesSameAcrossPlatforms.test_check_names_same_across_platforms(): FAIL
bakery_lint.tests.downstream.test_check_upm_heights_less_120.TestCheckUPMHeightsLess120.test_check_upm_heigths_less_120(): FAIL
### Optimize TTF OpenSansCondensedLight-Regular.ttf
$ ls -l 'OpenSansCondensedLight-Regular.ttf'* # look at the size savings of that subset process
OpenSansCondensedLight-Regular.ttf.opt: 92668 bytes
OpenSansCondensedLight-Regular.ttf: 155272 bytes
$ mv /home/travis/build/fontdirectory/opensanscondensed/builds/build/OpenSansCondensedLight-Regular.ttf.opt /home/travis/build/fontdirectory/opensanscondensed/builds/build/OpenSansCondensedLight-Regular.ttf
### Autohint TTFs (ttfautohint) OpenSansCondensedLight-Regular.ttf
$ ttfautohint -l 7 -r 28 -G 50 -x 13 -w "G" /home/travis/build/fontdirectory/opensanscondensed/builds/build/OpenSansCondensedLight-Regular.ttf '/home/travis/build/fontdirectory/opensanscondensed/builds/build/OpenSansCondensedLight-Regular.autohint.ttf'

$ ls -l /home/travis/build/fontdirectory/opensanscondensed/builds/build/OpenSansCondensedLight-Regular.*ttf # look at the size savings of that subset process
/home/travis/build/fontdirectory/opensanscondensed/builds/build/OpenSansCondensedLight-Regular.ttf: 92668 bytes
/home/travis/build/fontdirectory/opensanscondensed/builds/build/OpenSansCondensedLight-Regular.autohint.ttf: 87620 bytes
$ mv /home/travis/build/fontdirectory/opensanscondensed/builds/build/OpenSansCondensedLight-Regular.autohint.ttf /home/travis/build/fontdirectory/opensanscondensed/builds/build/OpenSansCondensedLight-Regular.ttf
### Subset TTFs (pyftsubset) OpenSansCondensedLight-Regular.ttf
$ pyftsubset OpenSansCondensedLight-Regular.latin
$ pyftsubset OpenSansCondensedLight-Regular.menu
spaceWidth is    385
nbspWidth is     532
OpenSansCondensedLight-Regular.ttf.fix made with spaceWidth and nbspWidth of 532
strippedname:/home/travis/build/fontdirectory/opensanscondensed/builds/build/OpenSansCondensedLight-Regular.ttf
### (5 of 6) Generate METADATA.json (fontbakery-build-metadata.py)
$ fontbakery-build-metadata.py /home/travis/build/fontdirectory/opensanscondensed/builds/build
{} exists
No Designer Name known, using Multiple Designers for now...
Original size: 87620\nGzip size: 51137
Family Name: Open Sans Condensed Light
PS Name: OpenSans-CondensedLightItalic
Full Name: Open Sans Condensed Light Italic
Style: italic
Weight: 300
Filename: OpenSansCondensedLight-Italic.ttf
Copyright: Digitized data copyright (c) 2010-2011, Google Corporation.
Family Name: Open Sans Condensed Light
PS Name: OpenSans-CondensedLight
Full Name: Open Sans Condensed Light
Style: normal
Weight: 300
Filename: OpenSansCondensedLight-Regular.ttf
Copyright: Digitized data copyright (c) 2011, Google Corporation.
Family Name: Open Sans Condensed Light
PS Name: OpenSans-CondensedBold
Full Name: Open Sans Condensed Bold
Style: normal
Weight: 700
Filename: OpenSansCondensed-Bold.ttf
Copyright: Digitized data copyright (c) 2010-2011, Google Corporation.
### (6 of 6) Run tests for METADATA.json
$ fontbakery-check.py metadata METADATA.json
bakery_lint.tests.metadata_test.MetadataSubsetsListTest.test_charset_cyrillic(): FAIL
bakery_lint.tests.metadata_test.MetadataSubsetsListTest.test_charset_cyrillic_ext(): FAIL
bakery_lint.tests.metadata_test.MetadataSubsetsListTest.test_charset_greek(): FAIL
bakery_lint.tests.metadata_test.MetadataSubsetsListTest.test_charset_greek_ext(): FAIL
bakery_lint.tests.metadata_test.MetadataSubsetsListTest.test_charset_latin(): FAIL
bakery_lint.tests.metadata_test.MetadataSubsetsListTest.test_charset_latin_ext(): FAIL
bakery_lint.tests.metadata_test.MetadataSubsetsListTest.test_charset_menu(): FAIL
bakery_lint.tests.metadata_test.MetadataSubsetsListTest.test_charset_vietnamese(): FAIL
bakery_lint.tests.metadata_test.MetadataTest.test_description_is_more_than_500b(): FAIL
bakery_lint.tests.metadata_test.MetadataTest.test_description_is_valid_html(): FAIL
bakery_lint.tests.metadata_test.MetadataTest.test_does_not_familyName_exist_in_daltonmaag_catalogue(): FAIL
bakery_lint.tests.metadata_test.MetadataTest.test_does_not_familyName_exist_in_fontbureau_catalogue(): OK
bakery_lint.tests.metadata_test.MetadataTest.test_does_not_familyName_exist_in_fontscom_catalogue(): FAIL
bakery_lint.tests.metadata_test.MetadataTest.test_does_not_familyName_exist_in_fontshop_catalogue(): FAIL
bakery_lint.tests.metadata_test.MetadataTest.test_does_not_familyName_exist_in_fontsmith_catalogue(): FAIL
bakery_lint.tests.metadata_test.MetadataTest.test_does_not_familyName_exist_in_houseind_catalogue(): OK
bakery_lint.tests.metadata_test.MetadataTest.test_does_not_familyName_exist_in_myfonts_catalogue(): FAIL
bakery_lint.tests.metadata_test.MetadataTest.test_does_not_familyName_exist_in_veer_catalogue(): FAIL
bakery_lint.tests.metadata_test.MetadataTest.test_family_is_listed_in_gwf(): FAIL
bakery_lint.tests.metadata_test.MetadataTest.test_metadata_atleast_latin_menu_subsets_exist(): OK
/home/travis/virtualenv/python2.7.8/lib/python2.7/site-packages/bakery_lint/tests/metadata_test.py:141: UnicodeWarning: Unicode equal comparison failed to convert both arguments to Unicode - interpreting them as being unequal
  self.assertTrue(designer in designers,
bakery_lint.tests.metadata_test.MetadataTest.test_metadata_designer_exists_in_profiles_csv(): OK
bakery_lint.tests.metadata_test.MetadataTest.test_metadata_fonts_items_dicts(): OK
bakery_lint.tests.metadata_test.MetadataTest.test_metadata_fonts_key_list(): OK
bakery_lint.tests.metadata_test.MetadataTest.test_metadata_fonts_no_dupes(): OK
bakery_lint.tests.metadata_test.MetadataTest.test_metadata_has_unique_style_weight_pairs(): OK
bakery_lint.tests.metadata_test.MetadataTest.test_metadata_keys(): OK
bakery_lint.tests.metadata_test.MetadataTest.test_metadata_license(): OK
bakery_lint.tests.metadata_test.MetadataTest.test_metadata_no_unknown_top_keys(): OK
bakery_lint.tests.metadata_test.MetadataTest.test_metadata_subsets_key_list(): OK
bakery_lint.tests.metadata_test.MetadataTest.test_metadata_top_keys_types(): OK
bakery_lint.tests.downstream.test_metadata_font_copyright.CheckMetadataContainsReservedFontName.test_copyright_contains_correct_rfn(): FAIL
bakery_lint.tests.downstream.test_metadata_font_copyright.CheckMetadataContainsReservedFontName.test_copyright_is_consistent_across_family(): FAIL
bakery_lint.tests.downstream.test_metadata_font_copyright.CheckMetadataContainsReservedFontName.test_copyright_matches_pattern(): FAIL
bakery_lint.tests.downstream.test_metadata_font_copyright.CheckMetadataContainsReservedFontName.test_metadata_copyright_size(): OK
bakery_lint.tests.downstream.test_check_monospace_agreements.CheckMonospaceAgreement.test_check_monospace_agreement(): OK
bakery_lint.tests.downstream.test_check_canonical_weights.CheckCanonicalWeights.test_check_canonical_weights(): ERROR
bakery_lint.tests.downstream.test_check_canonical_weights.CheckPostScriptNameMatchesWeight.test_postscriptname_contains_correct_weight(): FAIL
bakery_lint.tests.downstream.test_check_canonical_weights.CheckFontWeightSameAsInMetadata.test_font_weight_same_as_in_metadata(): ERROR
bakery_lint.tests.downstream.test_check_canonical_weights.CheckFullNameEqualCanonicalName.test_metadata_contains_current_font(): ERROR
bakery_lint.tests.downstream.test_check_metadata_style_matches_names.CheckItalicStyleMatchesMacStyle.test_check_italic_style_matches_names(): ERROR
bakery_lint.tests.downstream.test_check_metadata_style_matches_names.CheckNormalStyleMatchesMacStyle.test_check_normal_style_matches_names(): ERROR
bakery_lint.tests.downstream.test_check_canonical_styles.CheckCanonicalStyles.test_check_canonical_styles(): ERROR
bakery_lint.tests.downstream.test_check_subsets_exists.CheckSubsetsExist.test_check_subsets_exists(): FAIL
bakery_lint.tests.downstream.test_check_glyph_consistency.CheckGlyphConsistencyInFamily.test_the_same_encodings_of_glyphs_across_family(): ERROR
bakery_lint.tests.downstream.test_check_glyph_consistency.CheckGlyphConsistencyInFamily.test_the_same_names_of_glyphs_across_family(): ERROR
bakery_lint.tests.downstream.test_check_glyph_consistency.CheckGlyphConsistencyInFamily.test_the_same_number_of_glyphs_across_family(): ERROR
bakery_lint.tests.downstream.test_check_font_name_not_in_camelcase.CheckFontNameNotInCamelCase.test_fontname_not_in_camel_case(): OK
bakery_lint.tests.downstream.test_check_canonical_filenames.CheckCanonicalFilenames.test_check_canonical_filenames(): FAIL
bakery_lint.tests.downstream.test_check_familyname_matches_fontnames.CheckFamilyNameMatchesFontNames.test_check_familyname_matches_fontnames(): OK
bakery_lint.tests.downstream.test_metadata_agreements.TestFontOnDiskFamilyEqualToMetadataJSON.test_font_on_disk_family_equal_in_metadata_json(): OK
bakery_lint.tests.downstream.test_metadata_agreements.TestPostScriptNameInMetadataEqualFontOnDisk.test_postscriptname_in_metadata_equal_to_font_on_disk(): OK
bakery_lint.tests.downstream.test_metadata_agreements.CheckMetadataAgreements.test_font_name_matches_family(): ERROR
bakery_lint.tests.downstream.test_metadata_agreements.CheckMetadataAgreements.test_metadata_family_values_are_all_the_same(): OK
bakery_lint.tests.downstream.test_metadata_agreements.CheckMetadataAgreements.test_metadata_filename_matches_postscriptname(): FAIL
bakery_lint.tests.downstream.test_metadata_agreements.CheckMetadataAgreements.test_metadata_font_have_regular(): FAIL
bakery_lint.tests.downstream.test_metadata_agreements.CheckMetadataAgreements.test_metadata_fonts_fields_have_fontname(): ERROR
bakery_lint.tests.downstream.test_metadata_agreements.CheckMetadataAgreements.test_metadata_fullname_is_equal_to_internal_font_fullname(): ERROR
bakery_lint.tests.downstream.test_metadata_agreements.CheckMetadataAgreements.test_metadata_fullname_matches_postScriptName(): FAIL
bakery_lint.tests.downstream.test_metadata_agreements.CheckMetadataAgreements.test_metadata_regular_is_400(): FAIL
bakery_lint.tests.downstream.test_metadata_agreements.CheckMetadataAgreements.test_metadata_regular_is_normal(): FAIL
bakery_lint.tests.downstream.test_check_text_files_exist.CheckTextFilesExist.test_copyrighttxt_exists(): FAIL
bakery_lint.tests.downstream.test_check_text_files_exist.CheckTextFilesExist.test_description_exists(): OK
bakery_lint.tests.downstream.test_check_text_files_exist.CheckTextFilesExist.test_fontlogtxt_exists(): FAIL
bakery_lint.tests.downstream.test_check_text_files_exist.CheckTextFilesExist.test_licensetxt_exists(): FAIL
bakery_lint.tests.downstream.test_check_metadata_matches_nametable.CheckMetadataMatchesNameTable.test_check_metadata_matches_nametable(): ERROR
bakery_lint.tests.downstream.test_check_files_menu_agreements.CheckFontsMenuAgreements.test_menu_file_agreement(): FAIL
bakery_lint.tests.downstream.test_check_metadata_fields.CheckMetadataFields.test_check_metadata_fields(): OK
bakery_lint.tests.downstream.test_check_menu_contains_proper_glyphs.CheckMenuSubsetContainsProperGlyphs.test_check_menu_contains_proper_glyphs(): ERROR
{
  "name": "Open Sans Condensed", 
  "designer": "Steve Matteson", 
  "license": "Apache2", 
  "visibility": "External", 
  "category": "Sans Serif", 
  "size": 122270, 
  "fonts": [
    {
      "name": "Open Sans Condensed Light", 
      "postScriptName": "OpenSans-CondensedLightItalic", 
      "fullName": "Open Sans Condensed Light Italic", 
      "style": "italic", 
      "weight": 300, 
      "filename": "OpenSansCondensedLight-Italic.ttf", 
      "copyright": "Digitized data copyright (c) 2010-2011, Google Corporation."
    }, 
    {
      "name": "Open Sans Condensed Light", 
      "postScriptName": "OpenSans-CondensedLight", 
      "fullName": "Open Sans Condensed Light", 
      "style": "normal", 
      "weight": 300, 
      "filename": "OpenSansCondensedLight-Regular.ttf", 
      "copyright": "Digitized data copyright (c) 2011, Google Corporation."
    }, 
    {
      "name": "Open Sans Condensed Light", 
      "postScriptName": "OpenSans-CondensedBold", 
      "fullName": "Open Sans Condensed Bold", 
      "style": "normal", 
      "weight": 700, 
      "filename": "OpenSansCondensed-Bold.ttf", 
      "copyright": "Digitized data copyright (c) 2010-2011, Google Corporation."
    }
  ], 
  "subsets": [
    "latin", 
    "menu"
  ], 
  "dateAdded": "2011-05-09"
}
